// Bun Snapshot v1, https://goo.gl/fbAQLP

exports[`Layout renders correctly 1`] = `
{
  "$$typeof": Symbol(react.test.json),
  "children": [
    "test",
  ],
  "props": {
    "className": undefined,
  },
  "type": "div",
}
`;
